// Jest Snapshot v1, https://goo.gl/fbAQLP

exports[`Shallow rendered Character Update should render a update characters 1`] = `ShallowWrapper {}`;
