// Jest Snapshot v1, https://goo.gl/fbAQLP

exports[`Shallow rendered Character Listing should render a list characters 1`] = `ShallowWrapper {}`;
